Conflicts were detected for instance of entity type 'TestEntity' with the key value '{Id: 1}' on the concurrency token property values {Timestamp: <null>}, with corresponding database values {Timestamp: System.Byte[]}.