Conflicting values for unique index. Entity: EfCore.InMemoryHelpers.Test.UniqueIndexTests+TestEntityEnumFilter,
Index Properties:
    Property='prop'
