Conflicting values for unique index. Entity: EfCore.InMemoryHelpers.Test.UniqueIndexTests+TestEntity,
Index Properties:
    Property='filtered'
